[2025-06-24 12:36:52] [ERROR] [XMLParserStrategy::parseVoertuigen] FOUT: Voertuig positie moet positief zijn: -10
[2025-06-24 12:36:52] [ERROR] [XMLParserStrategy::parseVoertuigen] FOUT: Voertuig wordt overgeslagen vanwege ongeldige eigenschappen
